// Jest Snapshot v1, https://goo.gl/fbAQLP

exports[`should correctly render OutOfStockDates component 1`] = `
<ul
  className="list-unstyled"
>
  <li>
    <strong>
      Xanax
      :
    </strong>
     
    31-01-2020
  </li>
  <li>
    <strong>
      Witamina C
      :
    </strong>
     
    21-01-2020
  </li>
  <li>
    <strong>
      Metanabol
      :
    </strong>
     
    05-01-2020
  </li>
</ul>
`;
