// Jest Snapshot v1, https://goo.gl/fbAQLP

exports[`should correctly render Schedule component 1`] = `
<Provider
  store={
    Object {
      "@@observable": [Function],
      "dispatch": [Function],
      "getState": [Function],
      "replaceReducer": [Function],
      "subscribe": [Function],
    }
  }
>
  <Schedule />
</Provider>
`;
