// Jest Snapshot v1, https://goo.gl/fbAQLP

exports[`should correctly render dosing moments inputs 1`] = `
<React.Fragment>
  <div>
    <DosingMomentInput
      name="hour1"
      value="00:00"
    />
  </div>
  <div>
    <DosingMomentInput
      name="hour2"
      value="00:01"
    />
  </div>
</React.Fragment>
`;
