// Jest Snapshot v1, https://goo.gl/fbAQLP

exports[`should correctly render modal content with form 1`] = `
<React.Fragment>
  <button
    className="btn btn-close"
    onClick={[Function]}
  />
  <h3
    className="mt-2 text-center"
  >
    Edytuj
  </h3>
  <form
    name="drug_form"
    onSubmit={[Function]}
    role="form"
  >
    <div
      className="row"
    >
      <div
        className="col-md-6"
      >
        <div
          className="form-floating mt-3"
        >
          <input
            className="form-control"
            defaultValue="Xanax"
            id="name"
            name="name"
            placeholder="Nazwa"
            type="text"
          />
          <label
            htmlFor="name"
          >
            Nazwa
          </label>
        </div>
        <div
          className="form-floating mt-3"
        >
          <input
            className="form-control"
            defaultValue="szt."
            id="unit"
            name="unit"
            placeholder="Jednostka"
            type="text"
          />
          <label
            htmlFor="unit"
          >
            Jednostka (szt., ml. itp.)
          </label>
        </div>
      </div>
      <div
        className="col-md-6"
      >
        <div
          className="form-floating mt-3"
        >
          <input
            className="form-control"
            defaultValue={60}
            id="quantity"
            name="quantity"
            placeholder="Bieżąca ilość"
            step="1"
            type="number"
          />
          <label
            htmlFor="quantity"
          >
            Bieżąca ilość
          </label>
        </div>
        <div
          className="form-floating mt-3"
        >
          <input
            className="form-control"
            defaultValue={120}
            id="quantityMax"
            name="quantityMax"
            placeholder="Ilość całkowita"
            step="1"
            type="number"
          />
          <label
            htmlFor="quantityMax"
          >
            Ilość całkowita
          </label>
        </div>
      </div>
    </div>
    <div
      className="form-floating mt-3"
    >
      <input
        aria-valuemin="1"
        className="form-control"
        defaultValue={1}
        id="dosing"
        name="dosing"
        placeholder="Dawkowanie (ile razy dziennie)"
        step="1"
        type="number"
      />
      <label
        htmlFor="dosing"
      >
        Dawkowanie (ile razy dziennie)
      </label>
    </div>
    <div
      className="dosing-hours mt-3"
    >
      <h4
        className="text-center"
      >
        Godziny przyjęcia dawki
      </h4>
      <DosingMomentsInputs
        dosingMoments={
          Array [
            Array [
              "1",
              "07:00",
            ],
            Array [
              "2",
              "18:00",
            ],
          ]
        }
      />
    </div>
    <div
      className="d-flex justify-content-between mt-3"
    >
      <button
        className="btn btn-info px-5"
        type="submit"
      >
        Zapisz
      </button>
      <button
        className="btn btn-outline-dark px-5"
        onClick={[Function]}
        type="button"
      >
        Anuluj
      </button>
    </div>
  </form>
</React.Fragment>
`;
